// Vitest Snapshot v1

exports[`./app.vue > should match snapshot 1`] = `
<div>
  Hello, World!
</div>
`;
